// Jest Snapshot v1, https://goo.gl/fbAQLP

exports[`Selectable matches snapshots 1`] = `
<div
  className="amp-notice amp-notice--success amp-notice--large"
>
  <div
    className="amp-notice__icon"
  >
    <svg
      height="24"
      viewBox="0 0 24 24"
      width="24"
      xmlns="http://www.w3.org/2000/svg"
    >
      <path
        d="M12 2c5.514 0 10 4.486 10 10s-4.486 10-10 10-10-4.486-10-10 4.486-10 10-10zm0-2c-6.627 0-12 5.373-12 12s5.373 12 12 12 12-5.373 12-12-5.373-12-12-12zm4.393 7.5l-5.643 5.784-2.644-2.506-1.856 1.858 4.5 4.364 7.5-7.643-1.857-1.857z"
        fill="#00A02F"
      />
    </svg>
  </div>
  <div>
    Component children
  </div>
</div>
`;

exports[`Selectable matches snapshots 2`] = `
<div
  className="amp-notice amp-notice--warning amp-notice--small"
>
  <div
    className="amp-notice__icon"
  >
    <div>
      amazing icon
    </div>
  </div>
  <div>
    Component children
  </div>
</div>
`;
