// Jest Snapshot v1, https://goo.gl/fbAQLP

exports[`TechnicalBackground matches snapshot 1`] = `
<div
  className="technical-background"
>
  <div
    className="technical-background__header"
  >
    <svg
      fill="none"
      height="136"
      viewBox="0 0 130 136"
      width="130"
      xmlns="http://www.w3.org/2000/svg"
    >
      <g
        clipPath="url(#clip-technical-background)"
      >
        <path
          d="M84.847 103.785H30.847C28.047 103.785 25.847 101.585 25.847 98.7852V45.7852C25.847 42.9852 28.047 40.7852 30.847 40.7852H89.847C92.647 40.7852 94.847 42.9852 94.847 45.7852V93.7852C94.847 99.2852 90.347 103.785 84.847 103.785Z"
          stroke="#2459E7"
          strokeMiterlimit="10"
          strokeWidth="2"
        />
        <path
          d="M73.847 89.1867H46.847C44.047 89.1867 41.847 86.9867 41.847 84.1867V60.3867C41.847 57.5867 44.047 55.3867 46.847 55.3867H73.847C76.647 55.3867 78.847 57.5867 78.847 60.3867V84.1867C78.847 86.9867 76.647 89.1867 73.847 89.1867Z"
          stroke="#2459E7"
          strokeMiterlimit="10"
          strokeWidth="2"
        />
        <path
          d="M60.847 40.7852V19.7852"
          stroke="#2459E7"
          strokeMiterlimit="10"
          strokeWidth="2"
        />
        <path
          d="M37.847 40.7852V11.7852"
          stroke="#2459E7"
          strokeMiterlimit="10"
          strokeWidth="2"
        />
        <path
          d="M26.247 72.7852H7.84698"
          stroke="#2459E7"
          strokeMiterlimit="10"
          strokeWidth="2"
        />
        <path
          d="M62.847 104.086V126.786"
          stroke="#2459E7"
          strokeMiterlimit="10"
          strokeWidth="2"
        />
        <path
          d="M84.847 103.785V128.785"
          stroke="#2459E7"
          strokeMiterlimit="10"
          strokeWidth="2"
        />
        <path
          d="M95.147 76.7852H107.847"
          stroke="#2459E7"
          strokeMiterlimit="10"
          strokeWidth="2"
        />
        <path
          d="M94.847 51.7852H116.847"
          stroke="#2459E7"
          strokeMiterlimit="10"
          strokeWidth="2"
        />
        <path
          d="M82.847 40.3852V29.7852"
          stroke="#2459E7"
          strokeMiterlimit="10"
          strokeWidth="2"
        />
        <path
          d="M37.847 104.086V119.786"
          stroke="#2459E7"
          strokeMiterlimit="10"
          strokeWidth="2"
        />
        <path
          d="M37.847 129.785C40.6084 129.785 42.847 127.547 42.847 124.785C42.847 122.024 40.6084 119.785 37.847 119.785C35.0856 119.785 32.847 122.024 32.847 124.785C32.847 127.547 35.0856 129.785 37.847 129.785Z"
          stroke="#2459E7"
          strokeMiterlimit="10"
          strokeWidth="2"
        />
        <path
          d="M6.84698 110.785C9.60841 110.785 11.847 108.547 11.847 105.785C11.847 103.024 9.60841 100.785 6.84698 100.785C4.08556 100.785 1.84698 103.024 1.84698 105.785C1.84698 108.547 4.08556 110.785 6.84698 110.785Z"
          stroke="#2459E7"
          strokeMiterlimit="10"
          strokeWidth="2"
        />
        <path
          d="M37.847 11.7852C40.6084 11.7852 42.847 9.54658 42.847 6.78516C42.847 4.02373 40.6084 1.78516 37.847 1.78516C35.0856 1.78516 32.847 4.02373 32.847 6.78516C32.847 9.54658 35.0856 11.7852 37.847 11.7852Z"
          stroke="#2459E7"
          strokeMiterlimit="10"
          strokeWidth="2"
        />
        <path
          d="M82.847 29.7852C85.6084 29.7852 87.847 27.5466 87.847 24.7852C87.847 22.0237 85.6084 19.7852 82.847 19.7852C80.0856 19.7852 77.847 22.0237 77.847 24.7852C77.847 27.5466 80.0856 29.7852 82.847 29.7852Z"
          stroke="#2459E7"
          strokeMiterlimit="10"
          strokeWidth="2"
        />
        <path
          d="M123.847 81.7852C126.608 81.7852 128.847 79.5466 128.847 76.7852C128.847 74.0237 126.608 71.7852 123.847 71.7852C121.086 71.7852 118.847 74.0237 118.847 76.7852C118.847 79.5466 121.086 81.7852 123.847 81.7852Z"
          stroke="#2459E7"
          strokeMiterlimit="10"
          strokeWidth="2"
        />
        <path
          d="M121.847 56.7852C124.608 56.7852 126.847 54.5466 126.847 51.7852C126.847 49.0237 124.608 46.7852 121.847 46.7852C119.086 46.7852 116.847 49.0237 116.847 51.7852C116.847 54.5466 119.086 56.7852 121.847 56.7852Z"
          stroke="#2459E7"
          strokeMiterlimit="10"
          strokeWidth="2"
        />
        <path
          d="M60.847 19.7852C62.5038 19.7852 63.847 18.442 63.847 16.7852C63.847 15.1283 62.5038 13.7852 60.847 13.7852C59.1901 13.7852 57.847 15.1283 57.847 16.7852C57.847 18.442 59.1901 19.7852 60.847 19.7852Z"
          stroke="#2459E7"
          strokeMiterlimit="10"
          strokeWidth="2"
        />
        <path
          d="M84.847 134.785C86.5038 134.785 87.847 133.442 87.847 131.785C87.847 130.128 86.5038 128.785 84.847 128.785C83.1901 128.785 81.847 130.128 81.847 131.785C81.847 133.442 83.1901 134.785 84.847 134.785Z"
          stroke="#2459E7"
          strokeMiterlimit="10"
          strokeWidth="2"
        />
        <path
          d="M110.847 79.7852C112.504 79.7852 113.847 78.442 113.847 76.7852C113.847 75.1283 112.504 73.7852 110.847 73.7852C109.19 73.7852 107.847 75.1283 107.847 76.7852C107.847 78.442 109.19 79.7852 110.847 79.7852Z"
          stroke="#2459E7"
          strokeMiterlimit="10"
          strokeWidth="2"
        />
        <path
          d="M86.847 50.2852C87.9516 50.2852 88.847 49.3897 88.847 48.2852C88.847 47.1806 87.9516 46.2852 86.847 46.2852C85.7424 46.2852 84.847 47.1806 84.847 48.2852C84.847 49.3897 85.7424 50.2852 86.847 50.2852Z"
          stroke="#2459E7"
          strokeMiterlimit="10"
          strokeWidth="2"
        />
        <path
          d="M33.847 50.2852C34.9516 50.2852 35.847 49.3897 35.847 48.2852C35.847 47.1806 34.9516 46.2852 33.847 46.2852C32.7424 46.2852 31.847 47.1806 31.847 48.2852C31.847 49.3897 32.7424 50.2852 33.847 50.2852Z"
          stroke="#2459E7"
          strokeMiterlimit="10"
          strokeWidth="2"
        />
        <path
          d="M86.847 98.2852C87.9516 98.2852 88.847 97.3897 88.847 96.2852C88.847 95.1806 87.9516 94.2852 86.847 94.2852C85.7424 94.2852 84.847 95.1806 84.847 96.2852C84.847 97.3897 85.7424 98.2852 86.847 98.2852Z"
          stroke="#2459E7"
          strokeMiterlimit="10"
          strokeWidth="2"
        />
        <path
          d="M33.847 98.2852C34.9516 98.2852 35.847 97.3897 35.847 96.2852C35.847 95.1806 34.9516 94.2852 33.847 94.2852C32.7424 94.2852 31.847 95.1806 31.847 96.2852C31.847 97.3897 32.7424 98.2852 33.847 98.2852Z"
          stroke="#2459E7"
          strokeMiterlimit="10"
          strokeWidth="2"
        />
        <path
          d="M4.84698 75.7852C6.50384 75.7852 7.84698 74.442 7.84698 72.7852C7.84698 71.1283 6.50384 69.7852 4.84698 69.7852C3.19013 69.7852 1.84698 71.1283 1.84698 72.7852C1.84698 74.442 3.19013 75.7852 4.84698 75.7852Z"
          stroke="#2459E7"
          strokeMiterlimit="10"
          strokeWidth="2"
        />
        <path
          d="M62.847 132.785C64.5038 132.785 65.847 131.442 65.847 129.785C65.847 128.128 64.5038 126.785 62.847 126.785C61.1901 126.785 59.847 128.128 59.847 129.785C59.847 131.442 61.1901 132.785 62.847 132.785Z"
          stroke="#2459E7"
          strokeMiterlimit="10"
          strokeWidth="2"
        />
        <path
          d="M25.547 86.5859H13.847L6.74701 93.6859V100.686"
          stroke="#2459E7"
          strokeMiterlimit="10"
          strokeWidth="2"
        />
      </g>
      <defs>
        <clipPath
          id="clip-technical-background"
        >
          <rect
            fill="white"
            height="135"
            transform="translate(0.846985 0.785156)"
            width="129"
          />
        </clipPath>
      </defs>
    </svg>
    <h1>
      Are you a technical user?
    </h1>
    <p>
      In order to recommend the best AMP experience for your site, please indicate which of these options best describes you.
    </p>
  </div>
  <form>
    <div
      className="technical-background-option-container selectable selectable--left"
    >
      <label
        className="technical-background-option"
        htmlFor="technical-background-enable"
      >
        <div
          className="technical-background-option__input-container"
        >
          <input
            checked={false}
            id="technical-background-enable"
            onChange={[Function]}
            type="radio"
          />
        </div>
        <svg
          fill="none"
          height="70"
          viewBox="0 0 80 70"
          width="80"
          xmlns="http://www.w3.org/2000/svg"
        >
          <g
            clipPath="url(#clip-user-1)"
          >
            <path
              d="M1.9 41.7258C2.6732 41.7258 3.3 41.099 3.3 40.3258C3.3 39.5526 2.6732 38.9258 1.9 38.9258C1.1268 38.9258 0.5 39.5526 0.5 40.3258C0.5 41.099 1.1268 41.7258 1.9 41.7258Z"
              fill="#285BE7"
            />
            <path
              d="M4.2999 32.3273C5.0731 32.3273 5.6999 31.7005 5.6999 30.9273C5.6999 30.1541 5.0731 29.5273 4.2999 29.5273C3.5267 29.5273 2.8999 30.1541 2.8999 30.9273C2.8999 31.7005 3.5267 32.3273 4.2999 32.3273Z"
              fill="#285BE7"
            />
            <path
              d="M13.1 35.3273C13.8732 35.3273 14.5 34.7005 14.5 33.9273C14.5 33.1541 13.8732 32.5273 13.1 32.5273C12.3268 32.5273 11.7 33.1541 11.7 33.9273C11.7 34.7005 12.3268 35.3273 13.1 35.3273Z"
              fill="#285BE7"
            />
            <path
              d="M9.5001 45.425C10.2733 45.425 10.9001 44.7982 10.9001 44.025C10.9001 43.2518 10.2733 42.625 9.5001 42.625C8.7269 42.625 8.1001 43.2518 8.1001 44.025C8.1001 44.7982 8.7269 45.425 9.5001 45.425Z"
              fill="#285BE7"
            />
            <path
              d="M67.5001 36.6281C68.2733 36.6281 68.9001 36.0013 68.9001 35.2281C68.9001 34.4549 68.2733 33.8281 67.5001 33.8281C66.7269 33.8281 66.1001 34.4549 66.1001 35.2281C66.1001 36.0013 66.7269 36.6281 67.5001 36.6281Z"
              fill="#285BE7"
            />
            <path
              d="M73.0001 44.5266C73.7733 44.5266 74.4001 43.8998 74.4001 43.1266C74.4001 42.3534 73.7733 41.7266 73.0001 41.7266C72.2269 41.7266 71.6001 42.3534 71.6001 43.1266C71.6001 43.8998 72.2269 44.5266 73.0001 44.5266Z"
              fill="#285BE7"
            />
            <path
              d="M78.6 35.925C79.3732 35.925 80 35.2982 80 34.525C80 33.7518 79.3732 33.125 78.6 33.125C77.8268 33.125 77.2 33.7518 77.2 34.525C77.2 35.2982 77.8268 35.925 78.6 35.925Z"
              fill="#285BE7"
            />
            <path
              d="M74.0001 26.6281C74.7733 26.6281 75.4001 26.0013 75.4001 25.2281C75.4001 24.4549 74.7733 23.8281 74.0001 23.8281C73.2269 23.8281 72.6001 24.4549 72.6001 25.2281C72.6001 26.0013 73.2269 26.6281 74.0001 26.6281Z"
              fill="#285BE7"
            />
            <path
              d="M2.9 50.7258C3.6732 50.7258 4.3 50.099 4.3 49.3258C4.3 48.5526 3.6732 47.9258 2.9 47.9258C2.1268 47.9258 1.5 48.5526 1.5 49.3258C1.5 50.099 2.1268 50.7258 2.9 50.7258Z"
              fill="#285BE7"
            />
            <path
              d="M13.2 66.7273V47.5273C13.2 47.5273 13.9 40.5273 21.2 40.5273C28.5 40.5273 28.5 40.5273 28.5 40.5273"
              stroke="#285BE7"
              strokeLinecap="round"
              strokeLinejoin="round"
              strokeMiterlimit="10"
              strokeWidth="2"
            />
            <path
              d="M32.1 41.1273L31.1 40.0273L28 44.6273L34.1 52.1273L39.1 48.4273L32.1 41.1273Z"
              stroke="#285BE7"
              strokeLinecap="round"
              strokeLinejoin="round"
              strokeMiterlimit="10"
              strokeWidth="2"
            />
            <path
              d="M34.1001 52.125C34.1001 52.125 35.2001 66.925 36.4001 68.925"
              stroke="#285BE7"
              strokeLinecap="round"
              strokeLinejoin="round"
              strokeMiterlimit="10"
              strokeWidth="2"
            />
            <path
              d="M23 66.925C23 66.925 21.4 59.125 24.4 56.725C24.4 49.625 24.4 49.625 24.4 49.625"
              stroke="#285BE7"
              strokeLinecap="round"
              strokeLinejoin="round"
              strokeMiterlimit="10"
              strokeWidth="2"
            />
            <path
              d="M65.5 66.7273V47.5273C65.5 47.5273 64.8 40.5273 57.5 40.5273C50.2 40.5273 50.2 40.5273 50.2 40.5273"
              stroke="#285BE7"
              strokeLinecap="round"
              strokeLinejoin="round"
              strokeMiterlimit="10"
              strokeWidth="2"
            />
            <path
              d="M47.6001 40.0273L50.7001 44.6273L44.6001 52.1273L39.6001 48.4273L47.6001 40.0273Z"
              stroke="#285BE7"
              strokeLinecap="round"
              strokeLinejoin="round"
              strokeMiterlimit="10"
              strokeWidth="2"
            />
            <path
              d="M44.6 52.125C44.6 52.125 43.5 66.925 42.3 68.925"
              stroke="#285BE7"
              strokeLinecap="round"
              strokeLinejoin="round"
              strokeMiterlimit="10"
              strokeWidth="2"
            />
            <path
              d="M55.7001 66.925C55.7001 66.925 57.3 59.125 54.3 56.725C54.3 49.625 54.3 49.625 54.3 49.625"
              stroke="#285BE7"
              strokeLinecap="round"
              strokeLinejoin="round"
              strokeMiterlimit="10"
              strokeWidth="2"
            />
            <path
              d="M26.2 19.5262L30 14.9262H46.6L50.2 19.3262L52.9 19.1262V13.1262C52.9 13.1262 52.9 13.1262 51.3 13.1262C51.3 3.72618 41.6 -1.07382 33.3 2.32618C26.4 5.22618 25.9 12.4262 26.1 19.7262"
              stroke="#285BE7"
              strokeLinecap="round"
              strokeLinejoin="round"
              strokeMiterlimit="10"
              strokeWidth="2"
            />
            <path
              d="M50 7.22804H55.2C55.2 7.22804 59.8 6.52804 59.8 12.028C59.8 30.228 59.8 30.228 59.8 30.228C59.8 30.228 61.5 34.928 62.5 35.928C56.8 35.928 56.8 35.928 56.8 35.928C56.8 35.928 51.6 35.228 51.3 30.428C51.3 23.328 51.3 23.328 51.3 23.328"
              stroke="#285BE7"
              strokeLinecap="round"
              strokeLinejoin="round"
              strokeMiterlimit="10"
              strokeWidth="2"
            />
            <path
              d="M30.2001 38.7281C27.4001 35.6281 26.3 32.0281 26.3 27.9281C26.3 26.8281 26.6 24.6281 26.5 23.3281"
              stroke="#285BE7"
              strokeLinecap="round"
              strokeLinejoin="round"
              strokeMiterlimit="10"
              strokeWidth="2"
            />
            <path
              d="M31.8001 40.3273C31.6001 40.2273 31.3001 40.1273 31.1001 40.0273"
              stroke="#285BE7"
              strokeLinecap="round"
              strokeLinejoin="round"
              strokeMiterlimit="10"
              strokeWidth="2"
            />
            <path
              d="M48.4001 39.2266C47.8001 39.8266 47.1001 40.3266 46.2001 40.6266C46.2001 40.6266 41.1 43.6266 31.8 40.3266"
              stroke="#285BE7"
              strokeLinecap="round"
              strokeLinejoin="round"
              strokeMiterlimit="10"
              strokeWidth="2"
            />
            <path
              d="M51.3999 33.125C51.3999 33.125 50.7999 37.025 48.3999 39.325"
              stroke="#285BE7"
              strokeLinecap="round"
              strokeLinejoin="round"
              strokeMiterlimit="10"
              strokeWidth="2"
            />
            <path
              d="M31.6 26.5266C33.7539 26.5266 35.5 24.7805 35.5 22.6266C35.5 20.4727 33.7539 18.7266 31.6 18.7266C29.446 18.7266 27.7 20.4727 27.7 22.6266C27.7 24.7805 29.446 26.5266 31.6 26.5266Z"
              stroke="#285BE7"
              strokeLinecap="round"
              strokeLinejoin="round"
              strokeMiterlimit="10"
              strokeWidth="2"
            />
            <path
              d="M45.5999 26.925C47.7539 26.925 49.5 25.1789 49.5 23.025C49.5 20.8711 47.7539 19.125 45.5999 19.125C43.446 19.125 41.7 20.8711 41.7 23.025C41.7 25.1789 43.446 26.925 45.5999 26.925Z"
              stroke="#285BE7"
              strokeLinecap="round"
              strokeLinejoin="round"
              strokeMiterlimit="10"
              strokeWidth="2"
            />
            <path
              d="M26.9001 21.4258H23.6001"
              stroke="#285BE7"
              strokeLinecap="round"
              strokeLinejoin="round"
              strokeMiterlimit="10"
              strokeWidth="2"
            />
            <path
              d="M53 21.8281H49.7"
              stroke="#285BE7"
              strokeLinecap="round"
              strokeLinejoin="round"
              strokeMiterlimit="10"
              strokeWidth="2"
            />
            <path
              d="M41.6999 22.7266H35.8999"
              stroke="#285BE7"
              strokeLinecap="round"
              strokeLinejoin="round"
              strokeMiterlimit="10"
              strokeWidth="2"
            />
          </g>
          <defs>
            <clipPath
              id="clip-user-1"
            >
              <rect
                fill="white"
                height="69.7"
                transform="translate(0.5 0.226562)"
                width="79.5"
              />
            </clipPath>
          </defs>
        </svg>
        <div
          className="technical-background-option__description"
        >
          <div>
            <h2>
              Technically savvy or power user
            </h2>
          </div>
          <p>
            I can do WordPress development such as making changes to themes and plugins. I have some familiarity with HTML, CSS, JavaScript, and PHP. I am technically savvy enough to build full WordPress sites out of plugins and themes and can address configuration and validation issues.
          </p>
        </div>
      </label>
    </div>
    <div
      className="technical-background-option-container selectable selectable--left"
    >
      <label
        className="technical-background-option"
        htmlFor="technical-background-disable"
      >
        <div
          className="technical-background-option__input-container"
        >
          <input
            checked={false}
            id="technical-background-disable"
            onChange={[Function]}
            type="radio"
          />
        </div>
        <svg
          fill="none"
          height="71"
          viewBox="0 0 76 71"
          width="76"
          xmlns="http://www.w3.org/2000/svg"
        >
          <g
            clipPath="url(#clip-user-)"
          >
            <path
              d="M51.3999 22.6414C51.3999 22.6414 45.4999 14.9414 45.6999 13.4414C38.5999 15.8414 37.8999 18.2414 25.0999 18.4414V37.8414C25.0999 37.8414 31.6999 45.9414 36.5999 46.0414C42.4999 46.0414 42.4999 46.0414 42.4999 46.0414C42.4999 46.0414 51.3999 41.0414 51.3999 36.9414C51.3999 22.6414 51.3999 22.6414 51.3999 22.6414Z"
              stroke="#285BE7"
              strokeLinecap="round"
              strokeLinejoin="round"
              strokeMiterlimit="10"
              strokeWidth="2"
            />
            <path
              d="M25.0998 22.1406C23.2998 22.2406 21.0998 22.8406 20.3998 24.6406C18.9998 28.3406 22.3998 31.2406 24.5998 33.4406"
              stroke="#285BE7"
              strokeLinecap="round"
              strokeLinejoin="round"
              strokeMiterlimit="10"
              strokeWidth="2"
            />
            <path
              d="M51.0999 22.1406C52.8999 22.2406 55.0999 22.8406 55.7999 24.6406C57.1999 28.3406 53.7999 31.2406 51.5999 33.4406"
              stroke="#285BE7"
              strokeLinecap="round"
              strokeLinejoin="round"
              strokeMiterlimit="10"
              strokeWidth="2"
            />
            <path
              d="M21.5998 22.2397C21.5998 22.2397 17.4998 15.8397 23.6998 10.0397C20.5998 2.83973 20.5998 2.83973 20.5998 2.83973C20.5998 2.83973 52.4998 -2.36028 50.8998 11.2397C52.9998 12.0397 58.4998 15.8397 54.0998 22.1397"
              stroke="#285BE7"
              strokeLinecap="round"
              strokeLinejoin="round"
              strokeMiterlimit="10"
              strokeWidth="2"
            />
            <path
              d="M25.7998 27.4391L28.0998 29.1391H34.8998L36.3998 27.5391V22.5391H27.8998"
              stroke="#285BE7"
              strokeLinecap="round"
              strokeLinejoin="round"
              strokeMiterlimit="10"
              strokeWidth="2"
            />
            <path
              d="M50.5999 27.4391L48.2999 29.1391H41.4999L39.8999 27.5391V22.5391H48.4999"
              stroke="#285BE7"
              strokeLinecap="round"
              strokeLinejoin="round"
              strokeMiterlimit="10"
              strokeWidth="2"
            />
            <path
              d="M36.3999 22.5391H39.8999"
              stroke="#285BE7"
              strokeLinecap="round"
              strokeLinejoin="round"
              strokeMiterlimit="10"
              strokeWidth="2"
            />
            <path
              d="M31.4999 44.9414C31.4999 44.9414 31.4999 49.7414 30.0999 49.9414C24.3999 50.3414 24.3999 50.3414 24.3999 50.3414C24.3999 50.3414 14.1999 48.5414 13.8999 56.7414C13.8999 69.1414 13.8999 69.1414 13.8999 69.1414"
              stroke="#285BE7"
              strokeLinecap="round"
              strokeLinejoin="round"
              strokeMiterlimit="10"
              strokeWidth="2"
            />
            <path
              d="M45.9998 44.9414C45.9998 44.9414 45.9998 49.7414 47.3998 49.9414C53.0998 50.3414 53.0998 50.3414 53.0998 50.3414C53.0998 50.3414 63.2998 48.5414 63.5998 56.7414C63.5998 69.1414 63.5998 69.1414 63.5998 69.1414"
              stroke="#285BE7"
              strokeLinecap="round"
              strokeLinejoin="round"
              strokeMiterlimit="10"
              strokeWidth="2"
            />
            <path
              d="M28.0999 50.9383C28.0999 50.9383 28.3999 57.3383 35.8999 57.3383C39.4999 57.3383 39.4999 57.3383 39.4999 57.3383C39.4999 57.3383 44.9999 58.3383 48.3999 50.7383"
              stroke="#285BE7"
              strokeLinecap="round"
              strokeLinejoin="round"
              strokeMiterlimit="10"
              strokeWidth="2"
            />
            <path
              d="M63.2999 43.0383C64.0731 43.0383 64.6999 42.4115 64.6999 41.6383C64.6999 40.8651 64.0731 40.2383 63.2999 40.2383C62.5267 40.2383 61.8999 40.8651 61.8999 41.6383C61.8999 42.4115 62.5267 43.0383 63.2999 43.0383Z"
              fill="#285BE7"
            />
            <path
              d="M74.5997 41.5383C75.3729 41.5383 75.9997 40.9115 75.9997 40.1383C75.9997 39.3651 75.3729 38.7383 74.5997 38.7383C73.8265 38.7383 73.1997 39.3651 73.1997 40.1383C73.1997 40.9115 73.8265 41.5383 74.5997 41.5383Z"
              fill="#285BE7"
            />
            <path
              d="M73.1998 30.9406C73.973 30.9406 74.5998 30.3138 74.5998 29.5406C74.5998 28.7674 73.973 28.1406 73.1998 28.1406C72.4266 28.1406 71.7998 28.7674 71.7998 29.5406C71.7998 30.3138 72.4266 30.9406 73.1998 30.9406Z"
              fill="#285BE7"
            />
            <path
              d="M68.2999 51.9406C69.0731 51.9406 69.6999 51.3138 69.6999 50.5406C69.6999 49.7674 69.0731 49.1406 68.2999 49.1406C67.5267 49.1406 66.8999 49.7674 66.8999 50.5406C66.8999 51.3138 67.5267 51.9406 68.2999 51.9406Z"
              fill="#285BE7"
            />
            <path
              d="M8.99985 53.2414C9.77305 53.2414 10.3999 52.6146 10.3999 51.8414C10.3999 51.0682 9.77305 50.4414 8.99985 50.4414C8.22665 50.4414 7.59985 51.0682 7.59985 51.8414C7.59985 52.6146 8.22665 53.2414 8.99985 53.2414Z"
              fill="#285BE7"
            />
            <path
              d="M12.6998 43.1398C13.473 43.1398 14.0998 42.513 14.0998 41.7398C14.0998 40.9666 13.473 40.3398 12.6998 40.3398C11.9266 40.3398 11.2998 40.9666 11.2998 41.7398C11.2998 42.513 11.9266 43.1398 12.6998 43.1398Z"
              fill="#285BE7"
            />
            <path
              d="M3.6998 39.9406C4.473 39.9406 5.0998 39.3138 5.0998 38.5406C5.0998 37.7674 4.473 37.1406 3.6998 37.1406C2.92661 37.1406 2.2998 37.7674 2.2998 38.5406C2.2998 39.3138 2.92661 39.9406 3.6998 39.9406Z"
              fill="#285BE7"
            />
            <path
              d="M1.6998 49.2414C2.473 49.2414 3.0998 48.6146 3.0998 47.8414C3.0998 47.0682 2.473 46.4414 1.6998 46.4414C0.926606 46.4414 0.299805 47.0682 0.299805 47.8414C0.299805 48.6146 0.926606 49.2414 1.6998 49.2414Z"
              fill="#285BE7"
            />
            <path
              d="M2.6998 58.2414C3.473 58.2414 4.0998 57.6146 4.0998 56.8414C4.0998 56.0682 3.473 55.4414 2.6998 55.4414C1.92661 55.4414 1.2998 56.0682 1.2998 56.8414C1.2998 57.6146 1.92661 58.2414 2.6998 58.2414Z"
              fill="#285BE7"
            />
          </g>
          <defs>
            <clipPath
              id="clip-user-2"
            >
              <rect
                fill="white"
                height="69.4"
                transform="translate(0.299805 0.839844)"
                width="75.7"
              />
            </clipPath>
          </defs>
        </svg>
        <div
          className="technical-background-option__description"
        >
          <div>
            <h2>
              Non-technically savvy or wanting a simpler setup
            </h2>
          </div>
          <p>
            I am not a developer, I am not responsible for configuring and fixing issues on my site or I just want to take advantage of AMP performance without having to address issues
          </p>
        </div>
      </label>
    </div>
  </form>
</div>
`;
